[grupoalfa.net/index.html]
[backblue.gif]
[fade.gif]
[index.html]
[assets.zyrosite.com/cdn-cgi/image/format=auto,w=16,h=16,fit=crop,f=png/mp8qDEy2Q3treMXb/logo-grupo-alfa-cabeza-negra-mv02n2ZjzOc5pE3k.png]
[assets.zyrosite.com/cdn-cgi/image/format=auto,w=32,h=32,fit=crop,f=png/mp8qDEy2Q3treMXb/logo-grupo-alfa-cabeza-negra-mv02n2ZjzOc5pE3k.png]
[assets.zyrosite.com/cdn-cgi/image/format=auto,w=192,h=192,fit=crop,f=png/mp8qDEy2Q3treMXb/logo-grupo-alfa-cabeza-negra-mv02n2ZjzOc5pE3k.png]
[assets.zyrosite.com/cdn-cgi/image/format=auto,w=180,h=180,fit=crop,f=png/mp8qDEy2Q3treMXb/logo-grupo-alfa-cabeza-negra-mv02n2ZjzOc5pE3k.png]
[cdn.zyrosite.com/u1/google-fonts/font-faces2e73.css]
[grupoalfa.net/t.7.delayed]
[grupoalfa.net/_mailto_luciomerlini@grupoalfa.net/_]
[grupoalfa.net/_/seguros/_]
[grupoalfa.net/_mailto_joseantonio@grupoalfa.net/_]
[grupoalfa.net/_/lujo-rent/_]
[grupoalfa.net/_/rey-subastos/_]
[grupoalfa.net/_/alfa-clean/_]
[grupoalfa.net/_/flip-art/_]
[grupoalfa.net/_/alfa-lab/_]
[grupoalfa.net/_/contacto/_]
[assets.zyrosite.com/cdn-cgi/image/format=auto,w=375,fit=crop,q=95/mp8qDEy2Q3treMXb/logo-grupo-alfa-YKbEjky3lKIe0BKP.png]
[grupoalfa.net/proyectos.html]
[grupoalfa.net/promotores.html]
[grupoalfa.net/inversores.html]
[grupoalfa.net/alfa-hunters.html]
[grupoalfa.net/contacto.html]
[images.unsplash.com/photo-1521780171415-783b1cb576e73d83.jpg]
[assets.zyrosite.com/cdn-cgi/image/format=auto,w=375,h=493,fit=crop/mp8qDEy2Q3treMXb/logo-grupo-alfa-cabeza-negra-dWxBg4GvbzIQOwMl.png]
[assets.zyrosite.com/cdn-cgi/image/format=auto,w=375,h=498,fit=crop/mp8qDEy2Q3treMXb/logo-grupo-alfa-cabeza-negra-dWxBg4GvbzIQOwMl.png]
[assets.zyrosite.com/cdn-cgi/image/format=auto,w=375,h=197,fit=crop/mp8qDEy2Q3treMXb/logo-grupo-alfa-texto-negro-dJo5gnrjoRIEVBJM.png]
[assets.zyrosite.com/cdn-cgi/image/format=auto,w=375,h=199,fit=crop/mp8qDEy2Q3treMXb/logo-grupo-alfa-texto-negro-dJo5gnrjoRIEVBJM.png]
[assets.zyrosite.com/cdn-cgi/image/format=auto,w=375,h=375,fit=crop/mp8qDEy2Q3treMXb/lupa-AE0r2VjNOpI4LRQ7.png]
[assets.zyrosite.com/cdn-cgi/image/format=auto,w=375,h=366,fit=crop/mp8qDEy2Q3treMXb/lupa-AE0r2VjNOpI4LRQ7.png]
[assets.zyrosite.com/cdn-cgi/image/format=auto,w=375,h=410,fit=crop/mp8qDEy2Q3treMXb/mrtillo-AR032ZKJrRh87JyG.png]
[assets.zyrosite.com/cdn-cgi/image/format=auto,w=375,h=375,fit=crop/mp8qDEy2Q3treMXb/mrtillo-AR032ZKJrRh87JyG.png]
[assets.zyrosite.com/cdn-cgi/image/format=auto,w=375,h=410,fit=crop/mp8qDEy2Q3treMXb/gestion-A3Q7anMajGcEW1Lx.png]
[assets.zyrosite.com/cdn-cgi/image/format=auto,w=375,h=405,fit=crop/mp8qDEy2Q3treMXb/gestion-A3Q7anMajGcEW1Lx.png]
[assets.zyrosite.com/cdn-cgi/image/format=auto,w=375,h=343,fit=crop/mp8qDEy2Q3treMXb/euros-YD0w8Okj99HLq6az.png]
[assets.zyrosite.com/cdn-cgi/image/format=auto,w=375,h=375,fit=crop/mp8qDEy2Q3treMXb/euros-YD0w8Okj99HLq6az.png]
[assets.zyrosite.com/cdn-cgi/image/format=auto,w=375,h=362,fit=crop/mp8qDEy2Q3treMXb/casa-AR032qQw99I1yKM5.png]
[assets.zyrosite.com/cdn-cgi/image/format=auto,w=375,h=366,fit=crop/mp8qDEy2Q3treMXb/casa-AR032qQw99I1yKM5.png]
[images.unsplash.com/photo-1505259341540-280be642cfaa6d10.jpg]
[assets.zyrosite.com/cdn-cgi/image/format=auto,w=375,h=206,fit=crop/mp8qDEy2Q3treMXb/flecha-abajo-AzGN41EZW0T39oZP.png]
[assets.zyrosite.com/cdn-cgi/image/format=auto,w=375,h=207,fit=crop/mp8qDEy2Q3treMXb/flecha-abajo-AzGN41EZW0T39oZP.png]
[assets.zyrosite.com/cdn-cgi/image/format=auto,w=375,h=163,fit=crop/mp8qDEy2Q3treMXb/logo-grupo-alfa-horizontal-negro-A0xjZ3p5p7TZrR4K.png]
[assets.zyrosite.com/cdn-cgi/image/format=auto,w=375,h=165,fit=crop/mp8qDEy2Q3treMXb/logo-grupo-alfa-horizontal-negro-A0xjZ3p5p7TZrR4K.png]
[images.unsplash.com/photo-1618773928121-c32242e63f39ad04.jpg]
[images.unsplash.com/photo-1618773928121-c32242e63f3971dc.jpg]
[images.unsplash.com/photo-1518733057094-95b53143d2a791b7.jpg]
[images.unsplash.com/photo-1518733057094-95b53143d2a78b7b.jpg]
[assets.zyrosite.com/cdn-cgi/image/format=auto,w=375,h=320,fit=crop/mp8qDEy2Q3treMXb/buscar-casa-YanJ6aBZVKc969wa.png]
[assets.zyrosite.com/cdn-cgi/image/format=auto,w=375,h=366,fit=crop/mp8qDEy2Q3treMXb/buscar-casa-YanJ6aBZVKc969wa.png]
[assets.zyrosite.com/cdn-cgi/image/format=auto,w=375,h=321,fit=crop/mp8qDEy2Q3treMXb/reformar-casa-dWxOeVbwercekoGJ.png]
[assets.zyrosite.com/cdn-cgi/image/format=auto,w=375,h=320,fit=crop/mp8qDEy2Q3treMXb/reformar-casa-dWxOeVbwercekoGJ.png]
[assets.zyrosite.com/cdn-cgi/image/format=auto,w=375,h=320,fit=crop/mp8qDEy2Q3treMXb/acuerdo-YleQ20vD6aTqB7g2.png]
[assets.zyrosite.com/cdn-cgi/image/format=auto,w=375,h=352,fit=crop/mp8qDEy2Q3treMXb/interiorismo-m6LbP1Zkv6HB177D.png]
[assets.zyrosite.com/cdn-cgi/image/format=auto,w=375,h=320,fit=crop/mp8qDEy2Q3treMXb/interiorismo-m6LbP1Zkv6HB177D.png]
[assets.zyrosite.com/cdn-cgi/image/format=auto,w=375,h=391,fit=crop/mp8qDEy2Q3treMXb/995053-wKNsCzlDKMkXr31P.png]
[assets.zyrosite.com/cdn-cgi/image/format=auto,w=375,h=320,fit=crop/mp8qDEy2Q3treMXb/995053-wKNsCzlDKMkXr31P.png]
[assets.zyrosite.com/cdn-cgi/image/format=auto,w=768,h=334,fit=crop/mp8qDEy2Q3treMXb/logo-grupo-alfa-horizontal-negro-A0xjZ3p5p7TZrR4K.png]
[assets.zyrosite.com/cdn-cgi/image/format=auto,w=375,h=166,fit=crop/mp8qDEy2Q3treMXb/logo-grupo-alfa-horizontal-negro-A0xjZ3p5p7TZrR4K.png]
[assets.zyrosite.com/cdn-cgi/image/format=auto,w=375,h=375,fit=crop/mp8qDEy2Q3treMXb/3014165-1QnGs3KgOPta5Ipo.png]
[assets.zyrosite.com/cdn-cgi/image/format=auto,w=375,h=320,fit=crop/mp8qDEy2Q3treMXb/3014165-1QnGs3KgOPta5Ipo.png]
[assets.zyrosite.com/cdn-cgi/image/format=auto,w=375,h=352,fit=crop/mp8qDEy2Q3treMXb/auction-icon-md-pSymKmH2sM4ZdU2e.png]
[assets.zyrosite.com/cdn-cgi/image/format=auto,w=375,h=320,fit=crop/mp8qDEy2Q3treMXb/auction-icon-md-pSymKmH2sM4ZdU2e.png]
[assets.zyrosite.com/cdn-cgi/image/format=auto,w=375,h=350,fit=crop/mp8qDEy2Q3treMXb/llave-YX4x19levpIeRQRZ.png]
[assets.zyrosite.com/cdn-cgi/image/format=auto,w=375,h=320,fit=crop/mp8qDEy2Q3treMXb/llave-YX4x19levpIeRQRZ.png]
[assets.zyrosite.com/cdn-cgi/image/format=auto,w=375,h=375,fit=crop,trim=0;0;0;0/mp8qDEy2Q3treMXb/asesoria-Yyv0XL01rgHElxgr.png]
[assets.zyrosite.com/cdn-cgi/image/format=auto,w=375,h=320,fit=crop,trim=40.72727272727273;0;40.72727272727273;0/mp8qDEy2Q3treMXb/asesoria-Yyv0XL01rgHElxgr.png]
[grupoalfa.net/flip-art.html]
[grupoalfa.net/lujo-rent.html]
[grupoalfa.net/seguros.html]
[grupoalfa.net/alfa-clean.html]
[grupoalfa.net/rey-subastos.html]
[grupoalfa.net/alfa-lab.html]
[assets.zyrosite.com/cdn-cgi/image/format=auto,w=375,h=488,fit=crop,trim=8.396039603960396;0;8.396039603960396;0/mp8qDEy2Q3treMXb/logo-grupo-alfa-cabeza-negra-dWxBg4GvbzIQOwMl.png]
[assets.zyrosite.com/cdn-cgi/image/format=auto,w=375,h=482,fit=crop,trim=10.734177215189874;0;10.734177215189874;0/mp8qDEy2Q3treMXb/logo-grupo-alfa-cabeza-negra-dWxBg4GvbzIQOwMl.png]
[images.unsplash.com/photo-1707903244219-8ed71537554d3d83.jpg]
[assets.zyrosite.com/cdn-cgi/image/format=auto,w=375,h=248,fit=crop/mp8qDEy2Q3treMXb/correo-icono-m2WaN1aW0Zc111WZ.png]
[assets.zyrosite.com/cdn-cgi/image/format=auto,w=375,h=366,fit=crop/mp8qDEy2Q3treMXb/correo-icono-m2WaN1aW0Zc111WZ.png]
[assets.zyrosite.com/cdn-cgi/image/format=auto,w=375,h=505,fit=crop/mp8qDEy2Q3treMXb/logo-grupo-alfa-cabeza-negra-YZ9xo1aeJQHow161.png]
[assets.zyrosite.com/cdn-cgi/image/format=auto,w=375,h=545,fit=crop/mp8qDEy2Q3treMXb/logo-grupo-alfa-cabeza-negra-YZ9xo1aeJQHow161.png]
[grupoalfa.net/index.html]
[cdn.voiceflow.com/widget-next/bundle.mjs]
[cdn.zyrosite.com/u1/google-fonts/UcCO3FwrK3iLTeHuS_nVMrMxCp50SjIw2boKoduKmMEVuLyfAZJhiJ-Ek-_EeAmMb70e.woff2]
[cdn.zyrosite.com/u1/google-fonts/UcCO3FwrK3iLTeHuS_nVMrMxCp50SjIw2boKoduKmMEVuLyfAZthiJ-Ek-_EeAmMa165.woff2]
[cdn.zyrosite.com/u1/google-fonts/UcCO3FwrK3iLTeHuS_nVMrMxCp50SjIw2boKoduKmMEVuLyfAZNhiJ-Ek-_EeAmM3b60.woff2]
[cdn.zyrosite.com/u1/google-fonts/UcCO3FwrK3iLTeHuS_nVMrMxCp50SjIw2boKoduKmMEVuLyfAZxhiJ-Ek-_EeAmM7824.woff2]
[cdn.zyrosite.com/u1/google-fonts/UcCO3FwrK3iLTeHuS_nVMrMxCp50SjIw2boKoduKmMEVuLyfAZBhiJ-Ek-_EeAmMfdec.woff2]
[cdn.zyrosite.com/u1/google-fonts/UcCO3FwrK3iLTeHuS_nVMrMxCp50SjIw2boKoduKmMEVuLyfAZFhiJ-Ek-_EeAmMaad0.woff2]
[cdn.zyrosite.com/u1/google-fonts/UcCO3FwrK3iLTeHuS_nVMrMxCp50SjIw2boKoduKmMEVuLyfAZ9hiJ-Ek-_EeA85c2.woff2]
[cdn.zyrosite.com/u1/google-fonts/UcCO3FwrK3iLTeHuS_nVMrMxCp50SjIw2boKoduKmMEVuI6fAZJhiJ-Ek-_EeAmM48e4.woff2]
[cdn.zyrosite.com/u1/google-fonts/UcCO3FwrK3iLTeHuS_nVMrMxCp50SjIw2boKoduKmMEVuI6fAZthiJ-Ek-_EeAmMdebe.woff2]
[cdn.zyrosite.com/u1/google-fonts/UcCO3FwrK3iLTeHuS_nVMrMxCp50SjIw2boKoduKmMEVuI6fAZNhiJ-Ek-_EeAmM4a49.woff2]
[cdn.zyrosite.com/u1/google-fonts/UcCO3FwrK3iLTeHuS_nVMrMxCp50SjIw2boKoduKmMEVuI6fAZxhiJ-Ek-_EeAmM7810.woff2]
[cdn.zyrosite.com/u1/google-fonts/UcCO3FwrK3iLTeHuS_nVMrMxCp50SjIw2boKoduKmMEVuI6fAZBhiJ-Ek-_EeAmMaef8.woff2]
[cdn.zyrosite.com/u1/google-fonts/UcCO3FwrK3iLTeHuS_nVMrMxCp50SjIw2boKoduKmMEVuI6fAZFhiJ-Ek-_EeAmM61e2.woff2]
[cdn.zyrosite.com/u1/google-fonts/UcCO3FwrK3iLTeHuS_nVMrMxCp50SjIw2boKoduKmMEVuI6fAZ9hiJ-Ek-_EeAe7b9.woff2]
[cdn.zyrosite.com/u1/google-fonts/92zPtBhPNqw79Ij1E865zBUv7mz9JTVFNIgun_HKOEp-Cw468a.woff2]
[cdn.zyrosite.com/u1/google-fonts/92zPtBhPNqw79Ij1E865zBUv7mz9JTVPNIgun_HKOEp-Cw032f.woff2]
[cdn.zyrosite.com/u1/google-fonts/92zPtBhPNqw79Ij1E865zBUv7mz9JTVBNIgun_HKOEofba3.woff2]
[cdn.zyrosite.com/u1/google-fonts/92zPtBhPNqw79Ij1E865zBUv7myjJTVFNIgun_HKOEp-Cw245b.woff2]
[cdn.zyrosite.com/u1/google-fonts/92zPtBhPNqw79Ij1E865zBUv7myjJTVPNIgun_HKOEp-Cw6514.woff2]
[cdn.zyrosite.com/u1/google-fonts/92zPtBhPNqw79Ij1E865zBUv7myjJTVBNIgun_HKOEo7dfc.woff2]
[cdn.zyrosite.com/u1/google-fonts/92zPtBhPNqw79Ij1E865zBUv7mxEIjVFNIgun_HKOEp-Cw7557.woff2]
[cdn.zyrosite.com/u1/google-fonts/92zPtBhPNqw79Ij1E865zBUv7mxEIjVPNIgun_HKOEp-Cw671f.woff2]
[cdn.zyrosite.com/u1/google-fonts/92zPtBhPNqw79Ij1E865zBUv7mxEIjVBNIgun_HKOEo259a.woff2]
[cdn.zyrosite.com/u1/google-fonts/jAnEgHdjHcjgfIb1ZcUyOIWg_8a0Wy2V00ed.woff2]
[cdn.zyrosite.com/u1/google-fonts/jAnEgHdjHcjgfIb1ZcUyNoWg_8a0Ww4a86.woff2]
[cdn.zyrosite.com/u1/google-fonts/memSYaGs126MiZpBA-UvWbX2vVnXBbObj2OVZyOOSr4dVJWUgsjZ0B4taVIUwaEQbjB_mQ0011.woff2]
[cdn.zyrosite.com/u1/google-fonts/memSYaGs126MiZpBA-UvWbX2vVnXBbObj2OVZyOOSr4dVJWUgsjZ0B4kaVIUwaEQbjB_mQ3845.woff2]
[cdn.zyrosite.com/u1/google-fonts/memSYaGs126MiZpBA-UvWbX2vVnXBbObj2OVZyOOSr4dVJWUgsjZ0B4saVIUwaEQbjB_mQ8530.woff2]
[cdn.zyrosite.com/u1/google-fonts/memSYaGs126MiZpBA-UvWbX2vVnXBbObj2OVZyOOSr4dVJWUgsjZ0B4jaVIUwaEQbjB_mQ50e3.woff2]
[cdn.zyrosite.com/u1/google-fonts/memSYaGs126MiZpBA-UvWbX2vVnXBbObj2OVZyOOSr4dVJWUgsjZ0B4iaVIUwaEQbjB_mQ50a9.woff2]
[cdn.zyrosite.com/u1/google-fonts/memSYaGs126MiZpBA-UvWbX2vVnXBbObj2OVZyOOSr4dVJWUgsjZ0B5caVIUwaEQbjB_mQfda2.woff2]
[cdn.zyrosite.com/u1/google-fonts/memSYaGs126MiZpBA-UvWbX2vVnXBbObj2OVZyOOSr4dVJWUgsjZ0B5OaVIUwaEQbjB_mQ5757.woff2]
[cdn.zyrosite.com/u1/google-fonts/memSYaGs126MiZpBA-UvWbX2vVnXBbObj2OVZyOOSr4dVJWUgsjZ0B4vaVIUwaEQbjB_mQ86ad.woff2]
[cdn.zyrosite.com/u1/google-fonts/memSYaGs126MiZpBA-UvWbX2vVnXBbObj2OVZyOOSr4dVJWUgsjZ0B4uaVIUwaEQbjB_mQ9de1.woff2]
[cdn.zyrosite.com/u1/google-fonts/memSYaGs126MiZpBA-UvWbX2vVnXBbObj2OVZyOOSr4dVJWUgsjZ0B4gaVIUwaEQbjAb9d6.woff2]
[cdn.zyrosite.com/u1/google-fonts/memSYaGs126MiZpBA-UvWbX2vVnXBbObj2OVZyOOSr4dVJWUgsjr0B4taVIUwaEQbjB_mQaf38.woff2]
[cdn.zyrosite.com/u1/google-fonts/memSYaGs126MiZpBA-UvWbX2vVnXBbObj2OVZyOOSr4dVJWUgsjr0B4kaVIUwaEQbjB_mQ9aed.woff2]
[cdn.zyrosite.com/u1/google-fonts/memSYaGs126MiZpBA-UvWbX2vVnXBbObj2OVZyOOSr4dVJWUgsjr0B4saVIUwaEQbjB_mQ2030.woff2]
[cdn.zyrosite.com/u1/google-fonts/memSYaGs126MiZpBA-UvWbX2vVnXBbObj2OVZyOOSr4dVJWUgsjr0B4jaVIUwaEQbjB_mQb1a0.woff2]
[cdn.zyrosite.com/u1/google-fonts/memSYaGs126MiZpBA-UvWbX2vVnXBbObj2OVZyOOSr4dVJWUgsjr0B4iaVIUwaEQbjB_mQ52cd.woff2]
[cdn.zyrosite.com/u1/google-fonts/memSYaGs126MiZpBA-UvWbX2vVnXBbObj2OVZyOOSr4dVJWUgsjr0B5caVIUwaEQbjB_mQ7969.woff2]
[cdn.zyrosite.com/u1/google-fonts/memSYaGs126MiZpBA-UvWbX2vVnXBbObj2OVZyOOSr4dVJWUgsjr0B5OaVIUwaEQbjB_mQ8ff9.woff2]
[cdn.zyrosite.com/u1/google-fonts/memSYaGs126MiZpBA-UvWbX2vVnXBbObj2OVZyOOSr4dVJWUgsjr0B4vaVIUwaEQbjB_mQff3f.woff2]
[cdn.zyrosite.com/u1/google-fonts/memSYaGs126MiZpBA-UvWbX2vVnXBbObj2OVZyOOSr4dVJWUgsjr0B4uaVIUwaEQbjB_mQfd41.woff2]
[cdn.zyrosite.com/u1/google-fonts/memSYaGs126MiZpBA-UvWbX2vVnXBbObj2OVZyOOSr4dVJWUgsjr0B4gaVIUwaEQbjA1d98.woff2]
[cdn.zyrosite.com/u1/google-fonts/font-faces2e73.css]
[grupoalfa.net/t.html]
[grupoalfa.net/_mailto_luciomerlini@grupoalfa.net/_.html]
[grupoalfa.net/_/seguros/_.html]
[grupoalfa.net/_mailto_joseantonio@grupoalfa.net/_.html]
[grupoalfa.net/_/lujo-rent/_.html]
[grupoalfa.net/_/rey-subastos/_.html]
[grupoalfa.net/_/alfa-clean/_.html]
[grupoalfa.net/_/flip-art/_.html]
[grupoalfa.net/_/alfa-lab/_.html]
[grupoalfa.net/_/contacto/_.html]
[images.pexels.com/videos/7578542/apartment-architecture-at-home-business-75785428a9e.jpg]
[assets.zyrosite.com/cdn-cgi/image/format=auto,w=375,h=202,fit=crop/mp8qDEy2Q3treMXb/logo-grupo-alfa-texto-blanco-dJo5gnrBppTK5MK2.png]
[assets.zyrosite.com/cdn-cgi/image/format=auto,w=375,h=190,fit=crop/mp8qDEy2Q3treMXb/logo-grupo-alfa-texto-blanco-dJo5gnrBppTK5MK2.png]
[assets.zyrosite.com/cdn-cgi/image/format=auto,w=768,h=550,fit=crop/mp8qDEy2Q3treMXb/generated-image-august-29-2025---12_21pm-YX4j57OkOzhe1Naz.jpg]
[assets.zyrosite.com/cdn-cgi/image/format=auto,w=375,h=437,fit=crop/mp8qDEy2Q3treMXb/generated-image-august-29-2025---12_21pm-YX4j57OkOzhe1Naz.jpg]
[assets.zyrosite.com/cdn-cgi/image/format=auto,w=768,h=550,fit=crop/mp8qDEy2Q3treMXb/generated-image-august-29-2025---12_27pm-mjE4yeDx8ktgk7ZK.jpg]
[assets.zyrosite.com/cdn-cgi/image/format=auto,w=375,h=437,fit=crop/mp8qDEy2Q3treMXb/generated-image-august-29-2025---12_27pm-mjE4yeDx8ktgk7ZK.jpg]
[grupoalfa.net/local-comercial.html]
[assets.zyrosite.com/cdn-cgi/image/format=auto,w=768,h=550,fit=crop/mp8qDEy2Q3treMXb/generated-image-august-29-2025---5_55pm-YNqMEjrevDSXprnX.jpg]
[assets.zyrosite.com/cdn-cgi/image/format=auto,w=375,h=437,fit=crop/mp8qDEy2Q3treMXb/generated-image-august-29-2025---5_55pm-YNqMEjrevDSXprnX.jpg]
[grupoalfa.net/alquiler-por-habitaciones.html]
[assets.zyrosite.com/cdn-cgi/image/format=auto,w=768,h=550,fit=crop/mp8qDEy2Q3treMXb/generated-image-august-29-2025---6_03pm-YKb8pOWLyzFgDJoN.jpg]
[assets.zyrosite.com/cdn-cgi/image/format=auto,w=375,h=437,fit=crop/mp8qDEy2Q3treMXb/generated-image-august-29-2025---6_03pm-YKb8pOWLyzFgDJoN.jpg]
[assets.zyrosite.com/cdn-cgi/image/format=auto,w=768,h=550,fit=crop/mp8qDEy2Q3treMXb/generated-image-august-29-2025---7_18pm-Y4LPKq0yW3TEaMVJ.jpg]
[assets.zyrosite.com/cdn-cgi/image/format=auto,w=375,h=437,fit=crop/mp8qDEy2Q3treMXb/generated-image-august-29-2025---7_18pm-Y4LPKq0yW3TEaMVJ.jpg]
[grupoalfa.net/mini-estudios.html]
[assets.zyrosite.com/cdn-cgi/image/format=auto,w=768,h=550,fit=crop/mp8qDEy2Q3treMXb/generated-image-august-29-2025---7_19pm-YBgjVPKKvRtl8JQ3.jpg]
[assets.zyrosite.com/cdn-cgi/image/format=auto,w=375,h=437,fit=crop/mp8qDEy2Q3treMXb/generated-image-august-29-2025---7_19pm-YBgjVPKKvRtl8JQ3.jpg]
[assets.zyrosite.com/cdn-cgi/image/format=auto,w=768,h=550,fit=crop/mp8qDEy2Q3treMXb/whatsapp-image-2025-08-01-at-17.09.17-dWxOKaxe5VIGjv0Y.jpg]
[assets.zyrosite.com/cdn-cgi/image/format=auto,w=375,h=437,fit=crop/mp8qDEy2Q3treMXb/whatsapp-image-2025-08-01-at-17.09.17-dWxOKaxe5VIGjv0Y.jpg]
[grupoalfa.net/flip-house.html]
[assets.zyrosite.com/cdn-cgi/image/format=auto,w=768,h=550,fit=crop/mp8qDEy2Q3treMXb/whatsapp-image-2025-08-01-at-17.09.16-YbNJVMNBJQt0a97a.jpg]
[assets.zyrosite.com/cdn-cgi/image/format=auto,w=375,h=437,fit=crop/mp8qDEy2Q3treMXb/whatsapp-image-2025-08-01-at-17.09.16-YbNJVMNBJQt0a97a.jpg]
[assets.zyrosite.com/cdn-cgi/image/format=auto,w=768,h=550,fit=crop/mp8qDEy2Q3treMXb/generated-image-august-29-2025---6_48pm-AGBz9ZMvP6fVNlzp.jpg]
[assets.zyrosite.com/cdn-cgi/image/format=auto,w=375,h=437,fit=crop/mp8qDEy2Q3treMXb/generated-image-august-29-2025---6_48pm-AGBz9ZMvP6fVNlzp.jpg]
[assets.zyrosite.com/cdn-cgi/image/format=auto,w=768,h=550,fit=crop/mp8qDEy2Q3treMXb/generated-image-august-29-2025---6_52pm-YrD42j14lrCroWVn.jpg]
[assets.zyrosite.com/cdn-cgi/image/format=auto,w=375,h=437,fit=crop/mp8qDEy2Q3treMXb/generated-image-august-29-2025---6_52pm-YrD42j14lrCroWVn.jpg]
[assets.zyrosite.com/cdn-cgi/image/format=auto,w=768,h=550,fit=crop/mp8qDEy2Q3treMXb/generated-image-august-29-2025---6_57pm-AMqDGO4JroHQRgp5.jpg]
[assets.zyrosite.com/cdn-cgi/image/format=auto,w=375,h=437,fit=crop/mp8qDEy2Q3treMXb/generated-image-august-29-2025---6_57pm-AMqDGO4JroHQRgp5.jpg]
[grupoalfa.net/division-apartamentos.html]
[assets.zyrosite.com/cdn-cgi/image/format=auto,w=768,h=550,fit=crop/mp8qDEy2Q3treMXb/generated-image-august-29-2025---7_00pm-mnl4eaqBnaipBlqz.jpg]
[assets.zyrosite.com/cdn-cgi/image/format=auto,w=375,h=437,fit=crop/mp8qDEy2Q3treMXb/generated-image-august-29-2025---7_00pm-mnl4eaqBnaipBlqz.jpg]
[assets.zyrosite.com/cdn-cgi/image/format=auto,w=768,h=550,fit=crop/mp8qDEy2Q3treMXb/generated-image-august-29-2025---7_24pm-mnl4eajpVasgXJ67.jpg]
[assets.zyrosite.com/cdn-cgi/image/format=auto,w=375,h=437,fit=crop/mp8qDEy2Q3treMXb/generated-image-august-29-2025---7_24pm-mnl4eajpVasgXJ67.jpg]
[grupoalfa.net/chalet-dividido.html]
[assets.zyrosite.com/cdn-cgi/image/format=auto,w=768,h=550,fit=crop/mp8qDEy2Q3treMXb/generated-image-august-29-2025---7_25pm-A0xvqEJ6l2FgONpM.jpg]
[assets.zyrosite.com/cdn-cgi/image/format=auto,w=375,h=437,fit=crop/mp8qDEy2Q3treMXb/generated-image-august-29-2025---7_25pm-A0xvqEJ6l2FgONpM.jpg]
[assets.zyrosite.com/cdn-cgi/image/format=auto,w=768,h=550,fit=crop/mp8qDEy2Q3treMXb/generated-image-august-29-2025---7_30pm-YZ9E5J31p8HJN5kG.jpg]
[assets.zyrosite.com/cdn-cgi/image/format=auto,w=375,h=437,fit=crop/mp8qDEy2Q3treMXb/generated-image-august-29-2025---7_30pm-YZ9E5J31p8HJN5kG.jpg]
[grupoalfa.net/duplex-turistico.html]
[assets.zyrosite.com/cdn-cgi/image/format=auto,w=768,h=550,fit=crop/mp8qDEy2Q3treMXb/generated-image-august-29-2025---7_33pm-mnl4ea1GPxUxXMDX.jpg]
[assets.zyrosite.com/cdn-cgi/image/format=auto,w=375,h=437,fit=crop/mp8qDEy2Q3treMXb/generated-image-august-29-2025---7_33pm-mnl4ea1GPxUxXMDX.jpg]
[assets.zyrosite.com/cdn-cgi/image/format=auto,w=768,h=332,fit=crop/mp8qDEy2Q3treMXb/logo-grupo-alfa-horizontal-negro-A0xjZ3p5p7TZrR4K.png]
[assets.zyrosite.com/cdn-cgi/image/format=auto,w=375,h=161,fit=crop/mp8qDEy2Q3treMXb/logo-grupo-alfa-horizontal-negro-A0xjZ3p5p7TZrR4K.png]
[grupoalfa.net/proyectos.html]
[images.pexels.com/videos/7646697/buying-a-house-new-home-realtor-realty-76466978a9e.jpg]
[assets.zyrosite.com/cdn-cgi/image/format=auto,w=375,h=512,fit=crop/mp8qDEy2Q3treMXb/logo-grupo-alfa-mv02wQJOXbcgGg2w.png]
[assets.zyrosite.com/cdn-cgi/image/format=auto,w=375,h=500,fit=crop/mp8qDEy2Q3treMXb/logo-grupo-alfa-mv02wQJOXbcgGg2w.png]
[images.unsplash.com/photo-1616046229478-9901c5536a456111.jpg]
[grupoalfa.net/promotores.html]
[images.unsplash.com/photo-1616046229478-9901c5536a45e317.jpg]
[images.pexels.com/videos/3209211/free-video-32092118a9e.jpg]
[assets.zyrosite.com/cdn-cgi/image/format=auto,w=375,h=358,fit=crop/mp8qDEy2Q3treMXb/flecha-abajo-AzGN41EZW0T39oZP.png]
[assets.zyrosite.com/cdn-cgi/image/format=auto,w=375,h=340,fit=crop/mp8qDEy2Q3treMXb/flecha-abajo-AzGN41EZW0T39oZP.png]
[assets.zyrosite.com/cdn-cgi/image/format=auto,w=375,h=375,fit=crop/mp8qDEy2Q3treMXb/flecha-abajo-AzGN41EZW0T39oZP.png]
[assets.zyrosite.com/cdn-cgi/image/format=auto,w=375,h=359,fit=crop/mp8qDEy2Q3treMXb/flecha-abajo-AzGN41EZW0T39oZP.png]
[assets.zyrosite.com/cdn-cgi/image/format=auto,w=375,h=493,fit=crop/mp8qDEy2Q3treMXb/logo-grupo-alfa-YKbEjky3lKIe0BKP.png]
[assets.zyrosite.com/cdn-cgi/image/format=auto,w=375,h=530,fit=crop/mp8qDEy2Q3treMXb/logo-grupo-alfa-YKbEjky3lKIe0BKP.png]
[grupoalfa.net/'data_image/svg+xml,_svg xmlns=_http_/www.w3.org/2000/svg_ viewBox=_0 0 200 200___circle cx=_100_ cy=_100_ r=_100_ fill=_#727586_/__/svg_'.b6.delayed]
[images.unsplash.com/photo-1549923746-c502d488b3ea5aa9.jpg]
[images.unsplash.com/photo-1549923746-c502d488b3eafc39.jpg]
[images.unsplash.com/photo-1579621970588-a35d0e7ab9b6f5e6.jpg]
[images.unsplash.com/photo-1579621970588-a35d0e7ab9b6fc39.jpg]
[images.unsplash.com/photo-1560518883-ce09059eeffa39f3.jpg]
[images.unsplash.com/photo-1560518883-ce09059eeffafc39.jpg]
[images.unsplash.com/photo-1454165804606-c3d57bc86b40aadb.jpg]
[images.unsplash.com/photo-1454165804606-c3d57bc86b40fc39.jpg]
[assets.zyrosite.com/cdn-cgi/image/format=auto,w=375,h=164,fit=crop/mp8qDEy2Q3treMXb/logo-grupo-alfa-horizontal-negro-A0xjZ3p5p7TZrR4K.png]
[assets.zyrosite.com/cdn-cgi/image/format=auto,w=375,h=375,fit=crop/mp8qDEy2Q3treMXb/ubi-mxBXjE55nLuQqgzr.png]
[assets.zyrosite.com/cdn-cgi/image/format=auto,w=375,h=375,fit=crop/mp8qDEy2Q3treMXb/alquielres-mxBXjE1jVLuQgbbP.png]
[assets.zyrosite.com/cdn-cgi/image/format=auto,w=375,h=375,fit=crop/mp8qDEy2Q3treMXb/rentabilidad-m2WEBoMO0KIjNebl.png]
[assets.zyrosite.com/cdn-cgi/image/format=auto,w=375,h=375,fit=crop/mp8qDEy2Q3treMXb/edificio-YX4x1WW477Irx3p5.png]
[grupoalfa.net/inversores.html]
[images.pexels.com/videos/30339655/dogue-husky-303396558a9e.jpg]
[assets.zyrosite.com/cdn-cgi/image/format=auto,w=375,h=210,fit=crop/mp8qDEy2Q3treMXb/flecha-abajo-AzGN41EZW0T39oZP.png]
[images.unsplash.com/photo-1697787146281-f6d4d555c44522f5.jpg]
[images.unsplash.com/photo-1697787146281-f6d4d555c4457beb.jpg]
[images.unsplash.com/photo-1545184180-25d471fe75eb31b6.jpg]
[images.unsplash.com/photo-1545184180-25d471fe75eb7beb.jpg]
[assets.zyrosite.com/cdn-cgi/image/format=auto,w=375,h=506,fit=crop/mp8qDEy2Q3treMXb/logo-grupo-alfa-cabeza-negra-dWxBg4GvbzIQOwMl.png]
[assets.zyrosite.com/cdn-cgi/image/format=auto,w=375,h=490,fit=crop/mp8qDEy2Q3treMXb/logo-grupo-alfa-cabeza-negra-dWxBg4GvbzIQOwMl.png]
[grupoalfa.net/alfa-hunters.html]
[grupoalfa.net/contacto.html]
[assets.zyrosite.com/cdn-cgi/image/format=auto,w=768,h=381,fit=crop/mp8qDEy2Q3treMXb/1-ewvqFwAl8CLmoDkA.png]
[assets.zyrosite.com/cdn-cgi/image/format=auto,w=375,h=182,fit=crop/mp8qDEy2Q3treMXb/1-ewvqFwAl8CLmoDkA.png]
[assets.zyrosite.com/cdn-cgi/image/format=auto,w=768,h=360,fit=crop/mp8qDEy2Q3treMXb/2-WzNKhw4LAUsBRbIV.png]
[assets.zyrosite.com/cdn-cgi/image/format=auto,w=375,h=177,fit=crop/mp8qDEy2Q3treMXb/2-WzNKhw4LAUsBRbIV.png]
[assets.zyrosite.com/cdn-cgi/image/format=auto,w=375,h=274,fit=crop/mp8qDEy2Q3treMXb/logo-grupo-alfa-horizontal-montado-blanco-lhGvXrpDul9kdik1.png]
[assets.zyrosite.com/cdn-cgi/image/format=auto,w=375,h=274,fit=crop/mp8qDEy2Q3treMXb/logo-grupo-alfa-texto-blanco-e3qvGVvZFnhF9AGz.png]
[assets.zyrosite.com/cdn-cgi/image/format=auto,w=375,h=208,fit=crop/mp8qDEy2Q3treMXb/logo-grupo-alfa-texto-blanco-e3qvGVvZFnhF9AGz.png]
[grupoalfa.net/flip-art.html]
[assets.zyrosite.com/cdn-cgi/image/format=auto,w=768,h=368,fit=crop/mp8qDEy2Q3treMXb/3-nlzn94e8E4VORl8R.png]
[assets.zyrosite.com/cdn-cgi/image/format=auto,w=375,h=182,fit=crop/mp8qDEy2Q3treMXb/3-nlzn94e8E4VORl8R.png]
[grupoalfa.net/lujo-rent.html]
[assets.zyrosite.com/cdn-cgi/image/format=auto,w=768,h=523,fit=crop/mp8qDEy2Q3treMXb/6-xagwOQuvpmdAZmfW.png]
[assets.zyrosite.com/cdn-cgi/image/format=auto,w=375,h=259,fit=crop/mp8qDEy2Q3treMXb/6-xagwOQuvpmdAZmfW.png]
[assets.zyrosite.com/cdn-cgi/image/format=auto,w=375,h=483,fit=crop/mp8qDEy2Q3treMXb/7-ucrml6fvi2VS6Vcd.png]
[assets.zyrosite.com/cdn-cgi/image/format=auto,w=375,h=477,fit=crop/mp8qDEy2Q3treMXb/7-ucrml6fvi2VS6Vcd.png]
[assets.zyrosite.com/cdn-cgi/image/format=auto,w=375,h=277,fit=crop/mp8qDEy2Q3treMXb/8-2TH51lWR8ULK9DcB.png]
[assets.zyrosite.com/cdn-cgi/image/format=auto,w=375,h=283,fit=crop/mp8qDEy2Q3treMXb/8-2TH51lWR8ULK9DcB.png]
[grupoalfa.net/seguros.html]
[assets.zyrosite.com/cdn-cgi/image/format=auto,w=768,h=326,fit=crop/mp8qDEy2Q3treMXb/4-fX4hT5o78Rq3WPtf.png]
[assets.zyrosite.com/cdn-cgi/image/format=auto,w=375,h=159,fit=crop/mp8qDEy2Q3treMXb/4-fX4hT5o78Rq3WPtf.png]
[grupoalfa.net/alfa-clean.html]
[assets.zyrosite.com/cdn-cgi/image/format=auto,w=768,h=408,fit=crop/mp8qDEy2Q3treMXb/5-qa1wQd9382jhFzE2.jpg]
[assets.zyrosite.com/cdn-cgi/image/format=auto,w=375,h=205,fit=crop/mp8qDEy2Q3treMXb/5-qa1wQd9382jhFzE2.jpg]
[grupoalfa.net/rey-subastos.html]
[assets.zyrosite.com/cdn-cgi/image/format=auto,w=375,h=273,fit=crop/mp8qDEy2Q3treMXb/logo-grupo-alfa-horizontal-montado-blanco-lhGvXrpDul9kdik1.png]
[grupoalfa.net/alfa-lab.html]
[assets.zyrosite.com/cdn-cgi/image/format=auto,w=768,h=570,fit=crop,trim=37.236363636363635;0;228.07272727272726;0/mp8qDEy2Q3treMXb/generated-image-august-29-2025---12_21pm-YX4j57OkOzhe1Naz.jpg]
[assets.zyrosite.com/cdn-cgi/image/format=auto,w=375,h=333,fit=crop,trim=15.574144486692015;0;101.2319391634981;0/mp8qDEy2Q3treMXb/generated-image-august-29-2025---12_21pm-YX4j57OkOzhe1Naz.jpg]
[assets.zyrosite.com/cdn-cgi/image/format=auto,w=768,h=517,fit=crop/mp8qDEy2Q3treMXb/generated-image-august-29-2025---12_37pm-m7VDLx85LDHKMK0O.jpg]
[assets.zyrosite.com/cdn-cgi/image/format=auto,w=375,h=333,fit=crop/mp8qDEy2Q3treMXb/generated-image-august-29-2025---12_37pm-m7VDLx85LDHKMK0O.jpg]
[assets.zyrosite.com/cdn-cgi/image/format=auto,w=768,h=570,fit=crop/mp8qDEy2Q3treMXb/generated-image-august-29-2025---12_27pm-mjE4yeDx8ktgk7ZK.jpg]
[assets.zyrosite.com/cdn-cgi/image/format=auto,w=375,h=330,fit=crop/mp8qDEy2Q3treMXb/generated-image-august-29-2025---12_27pm-mjE4yeDx8ktgk7ZK.jpg]
[assets.zyrosite.com/cdn-cgi/image/format=auto,w=375,h=164,fit=crop,trim=2.9740259740259742;0;2.9740259740259742;0/mp8qDEy2Q3treMXb/logo-grupo-alfa-horizontal-negro-A0xjZ3p5p7TZrR4K.png]
[assets.zyrosite.com/cdn-cgi/image/format=auto,w=375,h=164,fit=crop,trim=4.673469387755102;0;4.673469387755102;0/mp8qDEy2Q3treMXb/logo-grupo-alfa-horizontal-negro-A0xjZ3p5p7TZrR4K.png]
[assets.zyrosite.com/cdn-cgi/image/format=auto,w=768,h=517,fit=crop/mp8qDEy2Q3treMXb/generated-image-august-29-2025---12_47pm-YbN4GlBoajUeX9Ee.jpg]
[assets.zyrosite.com/cdn-cgi/image/format=auto,w=375,h=333,fit=crop/mp8qDEy2Q3treMXb/generated-image-august-29-2025---12_47pm-YbN4GlBoajUeX9Ee.jpg]
[grupoalfa.net/local-comercial.html]
[assets.zyrosite.com/cdn-cgi/image/format=auto,w=768,h=570,fit=crop/mp8qDEy2Q3treMXb/generated-image-august-29-2025---5_55pm-YNqMEjrevDSXprnX.jpg]
[assets.zyrosite.com/cdn-cgi/image/format=auto,w=375,h=367,fit=crop/mp8qDEy2Q3treMXb/generated-image-august-29-2025---5_55pm-YNqMEjrevDSXprnX.jpg]
[assets.zyrosite.com/cdn-cgi/image/format=auto,w=768,h=517,fit=crop/mp8qDEy2Q3treMXb/generated-image-august-29-2025---6_40pm-mP439j4E2kSnjOLm.jpg]
[assets.zyrosite.com/cdn-cgi/image/format=auto,w=375,h=373,fit=crop/mp8qDEy2Q3treMXb/generated-image-august-29-2025---6_40pm-mP439j4E2kSnjOLm.jpg]
[assets.zyrosite.com/cdn-cgi/image/format=auto,w=768,h=570,fit=crop/mp8qDEy2Q3treMXb/generated-image-august-29-2025---6_03pm-YKb8pOWLyzFgDJoN.jpg]
[assets.zyrosite.com/cdn-cgi/image/format=auto,w=375,h=366,fit=crop/mp8qDEy2Q3treMXb/generated-image-august-29-2025---6_03pm-YKb8pOWLyzFgDJoN.jpg]
[assets.zyrosite.com/cdn-cgi/image/format=auto,w=768,h=517,fit=crop/mp8qDEy2Q3treMXb/generated-image-august-29-2025---6_41pm-YbN4GKNjOKHvXe4D.jpg]
[grupoalfa.net/alquiler-por-habitaciones.html]
[assets.zyrosite.com/cdn-cgi/image/format=auto,w=375,h=373,fit=crop/mp8qDEy2Q3treMXb/generated-image-august-29-2025---6_41pm-YbN4GKNjOKHvXe4D.jpg]
[assets.zyrosite.com/cdn-cgi/image/format=auto,w=768,h=570,fit=crop/mp8qDEy2Q3treMXb/generated-image-august-29-2025---7_16pm-1-YyvDnNOae2ta6Vzl.jpg]
[assets.zyrosite.com/cdn-cgi/image/format=auto,w=375,h=367,fit=crop/mp8qDEy2Q3treMXb/generated-image-august-29-2025---7_16pm-1-YyvDnNOae2ta6Vzl.jpg]
[assets.zyrosite.com/cdn-cgi/image/format=auto,w=768,h=517,fit=crop/mp8qDEy2Q3treMXb/generated-image-august-29-2025---7_18pm-Y4LPKq0yW3TEaMVJ.jpg]
[assets.zyrosite.com/cdn-cgi/image/format=auto,w=375,h=373,fit=crop/mp8qDEy2Q3treMXb/generated-image-august-29-2025---7_18pm-Y4LPKq0yW3TEaMVJ.jpg]
[assets.zyrosite.com/cdn-cgi/image/format=auto,w=768,h=570,fit=crop/mp8qDEy2Q3treMXb/generated-image-august-29-2025---7_17pm-AoP4lO8ZQ5IpBBzE.jpg]
[assets.zyrosite.com/cdn-cgi/image/format=auto,w=375,h=366,fit=crop/mp8qDEy2Q3treMXb/generated-image-august-29-2025---7_17pm-AoP4lO8ZQ5IpBBzE.jpg]
[assets.zyrosite.com/cdn-cgi/image/format=auto,w=768,h=517,fit=crop/mp8qDEy2Q3treMXb/generated-image-august-29-2025---7_19pm-YBgjVPKKvRtl8JQ3.jpg]
[assets.zyrosite.com/cdn-cgi/image/format=auto,w=375,h=373,fit=crop/mp8qDEy2Q3treMXb/generated-image-august-29-2025---7_19pm-YBgjVPKKvRtl8JQ3.jpg]
[grupoalfa.net/mini-estudios.html]
[assets.zyrosite.com/cdn-cgi/image/format=auto,w=768,h=570,fit=crop/mp8qDEy2Q3treMXb/whatsapp-image-2025-08-01-at-17.09.17-dWxOKaxe5VIGjv0Y.jpg]
[assets.zyrosite.com/cdn-cgi/image/format=auto,w=375,h=367,fit=crop/mp8qDEy2Q3treMXb/whatsapp-image-2025-08-01-at-17.09.17-dWxOKaxe5VIGjv0Y.jpg]
[assets.zyrosite.com/cdn-cgi/image/format=auto,w=768,h=517,fit=crop/mp8qDEy2Q3treMXb/whatsapp-image-2025-08-01-at-17.09.16-1-dWxOKaGGOOCNNWnM.jpg]
[assets.zyrosite.com/cdn-cgi/image/format=auto,w=375,h=373,fit=crop/mp8qDEy2Q3treMXb/whatsapp-image-2025-08-01-at-17.09.16-1-dWxOKaGGOOCNNWnM.jpg]
[assets.zyrosite.com/cdn-cgi/image/format=auto,w=768,h=570,fit=crop/mp8qDEy2Q3treMXb/whatsapp-image-2025-08-01-at-17.09.16-YbNJVMNBJQt0a97a.jpg]
[assets.zyrosite.com/cdn-cgi/image/format=auto,w=375,h=366,fit=crop/mp8qDEy2Q3treMXb/whatsapp-image-2025-08-01-at-17.09.16-YbNJVMNBJQt0a97a.jpg]
[assets.zyrosite.com/cdn-cgi/image/format=auto,w=768,h=517,fit=crop/mp8qDEy2Q3treMXb/whatsapp-image-2025-08-01-at-17.09.16-2-YanJVD3KwzTayzBp.jpg]
[grupoalfa.net/flip-house.html]
[assets.zyrosite.com/cdn-cgi/image/format=auto,w=375,h=373,fit=crop/mp8qDEy2Q3treMXb/whatsapp-image-2025-08-01-at-17.09.16-2-YanJVD3KwzTayzBp.jpg]
[grupoalfa.net/vivienda-turistica]
[assets.zyrosite.com/cdn-cgi/image/format=auto,w=768,h=570,fit=crop/mp8qDEy2Q3treMXb/generated-image-august-29-2025---7_01pm-Yan0b418WXuERBa1.jpg]
[assets.zyrosite.com/cdn-cgi/image/format=auto,w=375,h=367,fit=crop/mp8qDEy2Q3treMXb/generated-image-august-29-2025---7_01pm-Yan0b418WXuERBa1.jpg]
[assets.zyrosite.com/cdn-cgi/image/format=auto,w=768,h=517,fit=crop/mp8qDEy2Q3treMXb/generated-image-august-29-2025---6_57pm-AMqDGO4JroHQRgp5.jpg]
[assets.zyrosite.com/cdn-cgi/image/format=auto,w=375,h=373,fit=crop/mp8qDEy2Q3treMXb/generated-image-august-29-2025---6_57pm-AMqDGO4JroHQRgp5.jpg]
[assets.zyrosite.com/cdn-cgi/image/format=auto,w=768,h=570,fit=crop/mp8qDEy2Q3treMXb/generated-image-september-02-2025---6_57pm-mp840ywaKGUj66aP.jpg]
[assets.zyrosite.com/cdn-cgi/image/format=auto,w=375,h=366,fit=crop/mp8qDEy2Q3treMXb/generated-image-september-02-2025---6_57pm-mp840ywaKGUj66aP.jpg]
[assets.zyrosite.com/cdn-cgi/image/format=auto,w=768,h=517,fit=crop/mp8qDEy2Q3treMXb/generated-image-august-29-2025---7_00pm-mnl4eaqBnaipBlqz.jpg]
[assets.zyrosite.com/cdn-cgi/image/format=auto,w=375,h=373,fit=crop/mp8qDEy2Q3treMXb/generated-image-august-29-2025---7_00pm-mnl4eaqBnaipBlqz.jpg]
[grupoalfa.net/division-apartamentos.html]
[assets.zyrosite.com/cdn-cgi/image/format=auto,w=768,h=570,fit=crop/mp8qDEy2Q3treMXb/generated-image-august-29-2025---7_24pm-mnl4eajpVasgXJ67.jpg]
[assets.zyrosite.com/cdn-cgi/image/format=auto,w=375,h=367,fit=crop/mp8qDEy2Q3treMXb/generated-image-august-29-2025---7_24pm-mnl4eajpVasgXJ67.jpg]
[assets.zyrosite.com/cdn-cgi/image/format=auto,w=768,h=517,fit=crop/mp8qDEy2Q3treMXb/generated-image-september-02-2025---6_51pm-1-mePgNzgkgJcpM5Me.jpg]
[assets.zyrosite.com/cdn-cgi/image/format=auto,w=375,h=373,fit=crop/mp8qDEy2Q3treMXb/generated-image-september-02-2025---6_51pm-1-mePgNzgkgJcpM5Me.jpg]
[assets.zyrosite.com/cdn-cgi/image/format=auto,w=768,h=570,fit=crop/mp8qDEy2Q3treMXb/generated-image-august-29-2025---7_25pm-A0xvqEJ6l2FgONpM.jpg]
[assets.zyrosite.com/cdn-cgi/image/format=auto,w=375,h=366,fit=crop/mp8qDEy2Q3treMXb/generated-image-august-29-2025---7_25pm-A0xvqEJ6l2FgONpM.jpg]
[assets.zyrosite.com/cdn-cgi/image/format=auto,w=768,h=517,fit=crop/mp8qDEy2Q3treMXb/generated-image-september-02-2025---6_38pm-A3QlWRPaRnUVJ4rD.jpg]
[grupoalfa.net/chalet-dividido.html]
[assets.zyrosite.com/cdn-cgi/image/format=auto,w=375,h=373,fit=crop/mp8qDEy2Q3treMXb/generated-image-september-02-2025---6_38pm-A3QlWRPaRnUVJ4rD.jpg]
[assets.zyrosite.com/cdn-cgi/image/format=auto,w=768,h=570,fit=crop/mp8qDEy2Q3treMXb/generated-image-august-29-2025---7_30pm-YZ9E5J31p8HJN5kG.jpg]
[assets.zyrosite.com/cdn-cgi/image/format=auto,w=375,h=367,fit=crop/mp8qDEy2Q3treMXb/generated-image-august-29-2025---7_30pm-YZ9E5J31p8HJN5kG.jpg]
[assets.zyrosite.com/cdn-cgi/image/format=auto,w=768,h=517,fit=crop/mp8qDEy2Q3treMXb/generated-image-august-29-2025---7_35pm-m7VDLnWl4vUyPNkJ.jpg]
[assets.zyrosite.com/cdn-cgi/image/format=auto,w=375,h=373,fit=crop/mp8qDEy2Q3treMXb/generated-image-august-29-2025---7_35pm-m7VDLnWl4vUyPNkJ.jpg]
[assets.zyrosite.com/cdn-cgi/image/format=auto,w=768,h=570,fit=crop/mp8qDEy2Q3treMXb/generated-image-august-29-2025---7_33pm-mnl4ea1GPxUxXMDX.jpg]
[assets.zyrosite.com/cdn-cgi/image/format=auto,w=375,h=366,fit=crop/mp8qDEy2Q3treMXb/generated-image-august-29-2025---7_33pm-mnl4ea1GPxUxXMDX.jpg]
[assets.zyrosite.com/cdn-cgi/image/format=auto,w=768,h=517,fit=crop/mp8qDEy2Q3treMXb/generated-image-august-29-2025---7_37pm-mjE4yrjRGGIyz5qo.jpg]
[assets.zyrosite.com/cdn-cgi/image/format=auto,w=375,h=373,fit=crop/mp8qDEy2Q3treMXb/generated-image-august-29-2025---7_37pm-mjE4yrjRGGIyz5qo.jpg]
[grupoalfa.net/duplex-turistico.html]
[grupoalfa.net/'data_image/svg+xml,_svg xmlns=_http_/www.w3.org/2000/svg_ viewBox=_0 0 200 200___circle cx=_100_ cy=_100_ r=_100_ fill=_#727586_/__/svg_'.html]
[assets.zyrosite.com/cdn-cgi/image/format=auto,w=768,h=570,fit=crop/mp8qDEy2Q3treMXb/generated-image-august-29-2025---6_48pm-AGBz9ZMvP6fVNlzp.jpg]
[grupoalfa.net/_]
[assets.zyrosite.com/cdn-cgi/image/format=auto,w=375,h=367,fit=crop/mp8qDEy2Q3treMXb/generated-image-august-29-2025---6_48pm-AGBz9ZMvP6fVNlzp.jpg]
[assets.zyrosite.com/cdn-cgi/image/format=auto,w=768,h=517,fit=crop/mp8qDEy2Q3treMXb/generated-image-august-29-2025---6_44pm-m2WqjvMOwMUE64Qb.jpg]
[assets.zyrosite.com/cdn-cgi/image/format=auto,w=375,h=373,fit=crop/mp8qDEy2Q3treMXb/generated-image-august-29-2025---6_44pm-m2WqjvMOwMUE64Qb.jpg]
[assets.zyrosite.com/cdn-cgi/image/format=auto,w=768,h=570,fit=crop/mp8qDEy2Q3treMXb/generated-image-august-29-2025---6_52pm-YrD42j14lrCroWVn.jpg]
[assets.zyrosite.com/cdn-cgi/image/format=auto,w=375,h=366,fit=crop/mp8qDEy2Q3treMXb/generated-image-august-29-2025---6_52pm-YrD42j14lrCroWVn.jpg]
[assets.zyrosite.com/cdn-cgi/image/format=auto,w=768,h=517,fit=crop/mp8qDEy2Q3treMXb/generated-image-august-29-2025---6_47pm-m2WqjvMnVxUx3B7l.jpg]
[assets.zyrosite.com/cdn-cgi/image/format=auto,w=375,h=373,fit=crop/mp8qDEy2Q3treMXb/generated-image-august-29-2025---6_47pm-m2WqjvMnVxUx3B7l.jpg]
[grupoalfa.net/vivienda-turistica]
[grupoalfa.net/_]
[assets.zyrosite.com/cdn-cgi/image/format=auto,w=375,h=498,fit=crop/mp8qDEy2Q3treMXb/logo-grupo-alfa-cabeza-negra-dWxBg4GvbzIQOwMl.png]
[images.unsplash.com/photo-1521780171415-783b1cb576e73d83.jpg]
[assets.zyrosite.com/cdn-cgi/image/format=auto,w=32,h=32,fit=crop,f=png/mp8qDEy2Q3treMXb/logo-grupo-alfa-cabeza-negra-mv02n2ZjzOc5pE3k.png]
[assets.zyrosite.com/mp8qDEy2Q3treMXb/traffic.txt]
[assets.zyrosite.com/cdn-cgi/image/format=auto,w=192,h=192,fit=crop,f=png/mp8qDEy2Q3treMXb/logo-grupo-alfa-cabeza-negra-mv02n2ZjzOc5pE3k.png]
[assets.zyrosite.com/cdn-cgi/image/format=auto,w=375,h=199,fit=crop/mp8qDEy2Q3treMXb/logo-grupo-alfa-texto-negro-dJo5gnrjoRIEVBJM.png]
[images.unsplash.com/photo-1505259341540-280be642cfaa6d10.jpg]
[images.unsplash.com/photo-1618773928121-c32242e63f39ad04.jpg]
[images.unsplash.com/photo-1618773928121-c32242e63f3971dc.jpg]
[cdn.zyrosite.com/u1/google-fonts/UcCO3FwrK3iLTeHuS_nVMrMxCp50SjIw2boKoduKmMEVuLyfAZJhiJ-Ek-_EeAmMb70e.woff2]
[cdn.zyrosite.com/u1/google-fonts/UcCO3FwrK3iLTeHuS_nVMrMxCp50SjIw2boKoduKmMEVuLyfAZthiJ-Ek-_EeAmMa165.woff2]
[cdn.zyrosite.com/u1/google-fonts/UcCO3FwrK3iLTeHuS_nVMrMxCp50SjIw2boKoduKmMEVuLyfAZFhiJ-Ek-_EeAmMaad0.woff2]
[cdn.zyrosite.com/u1/google-fonts/UcCO3FwrK3iLTeHuS_nVMrMxCp50SjIw2boKoduKmMEVuLyfAZ9hiJ-Ek-_EeA85c2.woff2]
[cdn.zyrosite.com/u1/google-fonts/UcCO3FwrK3iLTeHuS_nVMrMxCp50SjIw2boKoduKmMEVuI6fAZFhiJ-Ek-_EeAmM61e2.woff2]
[cdn.voiceflow.com/widget-next/bundle.mjs]
[images.pexels.com/videos/7578542/apartment-architecture-at-home-business-75785428a9e.jpg]
[cdn.zyrosite.com/u1/google-fonts/UcCO3FwrK3iLTeHuS_nVMrMxCp50SjIw2boKoduKmMEVuI6fAZ9hiJ-Ek-_EeAe7b9.woff2]
[images.unsplash.com/photo-1518733057094-95b53143d2a78b7b.jpg]
[images.unsplash.com/photo-1707903244219-8ed71537554d3d83.jpg]
[assets.zyrosite.com/cdn-cgi/image/format=auto,w=375,h=190,fit=crop/mp8qDEy2Q3treMXb/logo-grupo-alfa-texto-blanco-dJo5gnrBppTK5MK2.png]
[assets.zyrosite.com/cdn-cgi/image/format=auto,w=375,h=202,fit=crop/mp8qDEy2Q3treMXb/logo-grupo-alfa-texto-blanco-dJo5gnrBppTK5MK2.png]
[assets.zyrosite.com/cdn-cgi/image/format=auto,w=768,h=550,fit=crop/mp8qDEy2Q3treMXb/generated-image-august-29-2025---12_21pm-YX4j57OkOzhe1Naz.jpg]
[assets.zyrosite.com/cdn-cgi/image/format=auto,w=375,h=437,fit=crop/mp8qDEy2Q3treMXb/generated-image-august-29-2025---12_21pm-YX4j57OkOzhe1Naz.jpg]
[assets.zyrosite.com/cdn-cgi/image/format=auto,w=768,h=550,fit=crop/mp8qDEy2Q3treMXb/generated-image-august-29-2025---12_27pm-mjE4yeDx8ktgk7ZK.jpg]
[assets.zyrosite.com/cdn-cgi/image/format=auto,w=375,h=437,fit=crop/mp8qDEy2Q3treMXb/generated-image-august-29-2025---12_27pm-mjE4yeDx8ktgk7ZK.jpg]
[assets.zyrosite.com/cdn-cgi/image/format=auto,w=768,h=550,fit=crop/mp8qDEy2Q3treMXb/generated-image-august-29-2025---5_55pm-YNqMEjrevDSXprnX.jpg]
[assets.zyrosite.com/cdn-cgi/image/format=auto,w=375,h=437,fit=crop/mp8qDEy2Q3treMXb/generated-image-august-29-2025---5_55pm-YNqMEjrevDSXprnX.jpg]
[images.unsplash.com/photo-1518733057094-95b53143d2a791b7.jpg]
[assets.zyrosite.com/cdn-cgi/image/format=auto,w=768,h=550,fit=crop/mp8qDEy2Q3treMXb/generated-image-august-29-2025---6_03pm-YKb8pOWLyzFgDJoN.jpg]
[assets.zyrosite.com/cdn-cgi/image/format=auto,w=768,h=550,fit=crop/mp8qDEy2Q3treMXb/generated-image-august-29-2025---7_18pm-Y4LPKq0yW3TEaMVJ.jpg]
[assets.zyrosite.com/cdn-cgi/image/format=auto,w=375,h=437,fit=crop/mp8qDEy2Q3treMXb/generated-image-august-29-2025---7_19pm-YBgjVPKKvRtl8JQ3.jpg]
[assets.zyrosite.com/cdn-cgi/image/format=auto,w=768,h=550,fit=crop/mp8qDEy2Q3treMXb/whatsapp-image-2025-08-01-at-17.09.17-dWxOKaxe5VIGjv0Y.jpg]
[assets.zyrosite.com/cdn-cgi/image/format=auto,w=375,h=437,fit=crop/mp8qDEy2Q3treMXb/whatsapp-image-2025-08-01-at-17.09.17-dWxOKaxe5VIGjv0Y.jpg]
[assets.zyrosite.com/cdn-cgi/image/format=auto,w=768,h=550,fit=crop/mp8qDEy2Q3treMXb/generated-image-august-29-2025---6_48pm-AGBz9ZMvP6fVNlzp.jpg]
[assets.zyrosite.com/cdn-cgi/image/format=auto,w=768,h=550,fit=crop/mp8qDEy2Q3treMXb/generated-image-august-29-2025---7_24pm-mnl4eajpVasgXJ67.jpg]
[assets.zyrosite.com/cdn-cgi/image/format=auto,w=768,h=550,fit=crop/mp8qDEy2Q3treMXb/generated-image-august-29-2025---7_25pm-A0xvqEJ6l2FgONpM.jpg]
[assets.zyrosite.com/cdn-cgi/image/format=auto,w=375,h=437,fit=crop/mp8qDEy2Q3treMXb/generated-image-august-29-2025---7_24pm-mnl4eajpVasgXJ67.jpg]
[images.pexels.com/videos/7646697/buying-a-house-new-home-realtor-realty-76466978a9e.jpg]
[assets.zyrosite.com/cdn-cgi/image/format=auto,w=768,h=550,fit=crop/mp8qDEy2Q3treMXb/generated-image-august-29-2025---7_30pm-YZ9E5J31p8HJN5kG.jpg]
[images.unsplash.com/photo-1616046229478-9901c5536a456111.jpg]
[images.pexels.com/videos/3209211/free-video-32092118a9e.jpg]
[assets.zyrosite.com/cdn-cgi/image/format=auto,w=768,h=550,fit=crop/mp8qDEy2Q3treMXb/generated-image-august-29-2025---7_33pm-mnl4ea1GPxUxXMDX.jpg]
[assets.zyrosite.com/cdn-cgi/image/format=auto,w=375,h=437,fit=crop/mp8qDEy2Q3treMXb/generated-image-august-29-2025---7_33pm-mnl4ea1GPxUxXMDX.jpg]
[images.unsplash.com/photo-1616046229478-9901c5536a45e317.jpg]
[images.unsplash.com/photo-1549923746-c502d488b3ea5aa9.jpg]
[images.unsplash.com/photo-1549923746-c502d488b3eafc39.jpg]
[images.unsplash.com/photo-1579621970588-a35d0e7ab9b6f5e6.jpg]
[images.unsplash.com/photo-1579621970588-a35d0e7ab9b6fc39.jpg]
[images.unsplash.com/photo-1560518883-ce09059eeffafc39.jpg]
[assets.zyrosite.com/cdn-cgi/image/format=auto,w=375,h=164,fit=crop/mp8qDEy2Q3treMXb/logo-grupo-alfa-horizontal-negro-A0xjZ3p5p7TZrR4K.png]
[assets.zyrosite.com/cdn-cgi/image/format=auto,w=375,h=375,fit=crop/mp8qDEy2Q3treMXb/ubi-mxBXjE55nLuQqgzr.png]
[images.pexels.com/videos/30339655/dogue-husky-303396558a9e.jpg]
[assets.zyrosite.com/cdn-cgi/image/format=auto,w=375,h=375,fit=crop/mp8qDEy2Q3treMXb/alquielres-mxBXjE1jVLuQgbbP.png]
[cdn.zyrosite.com/u1/google-fonts/UcCO3FwrK3iLTeHuS_nVMrMxCp50SjIw2boKoduKmMEVuLyfAZNhiJ-Ek-_EeAmM3b60.woff2]
[cdn.zyrosite.com/u1/google-fonts/UcCO3FwrK3iLTeHuS_nVMrMxCp50SjIw2boKoduKmMEVuI6fAZJhiJ-Ek-_EeAmM48e4.woff2]
[cdn.zyrosite.com/u1/google-fonts/92zPtBhPNqw79Ij1E865zBUv7mz9JTVFNIgun_HKOEp-Cw468a.woff2]
[cdn.zyrosite.com/u1/google-fonts/92zPtBhPNqw79Ij1E865zBUv7mz9JTVFNIgun_HKOEp-Cw468a.woff2]
[grupoalfa.net/local-comercial.html]
[grupoalfa.net/alquiler-por-habitaciones.html]
[assets.zyrosite.com/cdn-cgi/image/format=auto,w=375,h=375,fit=crop/mp8qDEy2Q3treMXb/rentabilidad-m2WEBoMO0KIjNebl.png]
[assets.zyrosite.com/cdn-cgi/image/format=auto,w=375,h=375,fit=crop/mp8qDEy2Q3treMXb/edificio-YX4x1WW477Irx3p5.png]
[images.unsplash.com/photo-1697787146281-f6d4d555c44522f5.jpg]
[grupoalfa.net/flip-house.html]
[images.unsplash.com/photo-1697787146281-f6d4d555c4457beb.jpg]
[assets.zyrosite.com/cdn-cgi/image/format=auto,w=768,h=381,fit=crop/mp8qDEy2Q3treMXb/1-ewvqFwAl8CLmoDkA.png]
[assets.zyrosite.com/cdn-cgi/image/format=auto,w=375,h=182,fit=crop/mp8qDEy2Q3treMXb/1-ewvqFwAl8CLmoDkA.png]
[assets.zyrosite.com/cdn-cgi/image/format=auto,w=768,h=360,fit=crop/mp8qDEy2Q3treMXb/2-WzNKhw4LAUsBRbIV.png]
[assets.zyrosite.com/cdn-cgi/image/format=auto,w=375,h=177,fit=crop/mp8qDEy2Q3treMXb/2-WzNKhw4LAUsBRbIV.png]
[assets.zyrosite.com/cdn-cgi/image/format=auto,w=375,h=274,fit=crop/mp8qDEy2Q3treMXb/logo-grupo-alfa-texto-blanco-e3qvGVvZFnhF9AGz.png]
[assets.zyrosite.com/cdn-cgi/image/format=auto,w=375,h=274,fit=crop/mp8qDEy2Q3treMXb/logo-grupo-alfa-horizontal-montado-blanco-lhGvXrpDul9kdik1.png]
[assets.zyrosite.com/cdn-cgi/image/format=auto,w=768,h=368,fit=crop/mp8qDEy2Q3treMXb/3-nlzn94e8E4VORl8R.png]
[assets.zyrosite.com/cdn-cgi/image/format=auto,w=375,h=182,fit=crop/mp8qDEy2Q3treMXb/3-nlzn94e8E4VORl8R.png]
[grupoalfa.net/chalet-dividido.html]
[assets.zyrosite.com/cdn-cgi/image/format=auto,w=768,h=523,fit=crop/mp8qDEy2Q3treMXb/6-xagwOQuvpmdAZmfW.png]
[assets.zyrosite.com/cdn-cgi/image/format=auto,w=375,h=259,fit=crop/mp8qDEy2Q3treMXb/6-xagwOQuvpmdAZmfW.png]
[assets.zyrosite.com/cdn-cgi/image/format=auto,w=375,h=483,fit=crop/mp8qDEy2Q3treMXb/7-ucrml6fvi2VS6Vcd.png]
[assets.zyrosite.com/cdn-cgi/image/format=auto,w=768,h=326,fit=crop/mp8qDEy2Q3treMXb/4-fX4hT5o78Rq3WPtf.png]
[assets.zyrosite.com/cdn-cgi/image/format=auto,w=768,h=517,fit=crop/mp8qDEy2Q3treMXb/generated-image-august-29-2025---12_37pm-m7VDLx85LDHKMK0O.jpg]
[assets.zyrosite.com/cdn-cgi/image/format=auto,w=375,h=333,fit=crop/mp8qDEy2Q3treMXb/generated-image-august-29-2025---12_37pm-m7VDLx85LDHKMK0O.jpg]
[assets.zyrosite.com/cdn-cgi/image/format=auto,w=768,h=570,fit=crop/mp8qDEy2Q3treMXb/generated-image-august-29-2025---12_27pm-mjE4yeDx8ktgk7ZK.jpg]
[assets.zyrosite.com/cdn-cgi/image/format=auto,w=768,h=517,fit=crop/mp8qDEy2Q3treMXb/generated-image-august-29-2025---6_40pm-mP439j4E2kSnjOLm.jpg]
[assets.zyrosite.com/cdn-cgi/image/format=auto,w=375,h=373,fit=crop/mp8qDEy2Q3treMXb/generated-image-august-29-2025---6_40pm-mP439j4E2kSnjOLm.jpg]
[assets.zyrosite.com/cdn-cgi/image/format=auto,w=768,h=517,fit=crop/mp8qDEy2Q3treMXb/generated-image-august-29-2025---6_41pm-YbN4GKNjOKHvXe4D.jpg]
[assets.zyrosite.com/cdn-cgi/image/format=auto,w=375,h=373,fit=crop/mp8qDEy2Q3treMXb/generated-image-august-29-2025---6_41pm-YbN4GKNjOKHvXe4D.jpg]
[assets.zyrosite.com/cdn-cgi/image/format=auto,w=768,h=570,fit=crop/mp8qDEy2Q3treMXb/generated-image-august-29-2025---7_16pm-1-YyvDnNOae2ta6Vzl.jpg]
[assets.zyrosite.com/cdn-cgi/image/format=auto,w=768,h=517,fit=crop/mp8qDEy2Q3treMXb/whatsapp-image-2025-08-01-at-17.09.16-1-dWxOKaGGOOCNNWnM.jpg]
[assets.zyrosite.com/cdn-cgi/image/format=auto,w=768,h=570,fit=crop/mp8qDEy2Q3treMXb/generated-image-august-29-2025---7_17pm-AoP4lO8ZQ5IpBBzE.jpg]
[assets.zyrosite.com/cdn-cgi/image/format=auto,w=375,h=373,fit=crop/mp8qDEy2Q3treMXb/whatsapp-image-2025-08-01-at-17.09.16-2-YanJVD3KwzTayzBp.jpg]
[images.unsplash.com/photo-1560518883-ce09059eeffa39f3.jpg]
[assets.zyrosite.com/cdn-cgi/image/format=auto,w=768,h=570,fit=crop/mp8qDEy2Q3treMXb/generated-image-august-29-2025---7_01pm-Yan0b418WXuERBa1.jpg]
[assets.zyrosite.com/cdn-cgi/image/format=auto,w=375,h=367,fit=crop/mp8qDEy2Q3treMXb/generated-image-august-29-2025---7_01pm-Yan0b418WXuERBa1.jpg]
[assets.zyrosite.com/cdn-cgi/image/format=auto,w=768,h=517,fit=crop/mp8qDEy2Q3treMXb/generated-image-september-02-2025---6_51pm-1-mePgNzgkgJcpM5Me.jpg]
[images.unsplash.com/photo-1454165804606-c3d57bc86b40aadb.jpg]
[grupoalfa.net/_]
[grupoalfa.net/_]
[assets.zyrosite.com/cdn-cgi/image/format=auto,w=375,h=373,fit=crop/mp8qDEy2Q3treMXb/generated-image-september-02-2025---6_51pm-1-mePgNzgkgJcpM5Me.jpg]
[assets.zyrosite.com/cdn-cgi/image/format=auto,w=768,h=517,fit=crop/mp8qDEy2Q3treMXb/generated-image-september-02-2025---6_38pm-A3QlWRPaRnUVJ4rD.jpg]
[assets.zyrosite.com/cdn-cgi/image/format=auto,w=375,h=373,fit=crop/mp8qDEy2Q3treMXb/generated-image-september-02-2025---6_38pm-A3QlWRPaRnUVJ4rD.jpg]
[assets.zyrosite.com/cdn-cgi/image/format=auto,w=768,h=517,fit=crop/mp8qDEy2Q3treMXb/generated-image-august-29-2025---7_35pm-m7VDLnWl4vUyPNkJ.jpg]
[images.unsplash.com/photo-1545184180-25d471fe75eb31b6.jpg]
[assets.zyrosite.com/cdn-cgi/image/format=auto,w=768,h=517,fit=crop/mp8qDEy2Q3treMXb/generated-image-august-29-2025---7_37pm-mjE4yrjRGGIyz5qo.jpg]
[grupoalfa.net/_astro-1765492035504/_slug_.CVuZhMTm.css]
[grupoalfa.net/_astro-1765492035504/_slug_.CVuZhMTm.css]
[assets.zyrosite.com/cdn-cgi/image/format=auto,w=768,h=517,fit=crop/mp8qDEy2Q3treMXb/generated-image-august-29-2025---6_44pm-m2WqjvMOwMUE64Qb.jpg]
[grupoalfa.net/vivienda-turistica]
[grupoalfa.net/vivienda-turistica]
